2025-03-05 13:00:01 [[31merror[39m]: StrictPopulateError: Cannot populate path `answers` because it is not in your schema. Set the `strictPopulate` option to false to override.
    at getModelsMapForPopulate (C:\Users\AdityaPP\software-testing-edu\server\node_modules\mongoose\lib\helpers\populate\getModelsMapForPopulate.js:50:12)
    at _populatePath (C:\Users\AdityaPP\software-testing-edu\server\node_modules\mongoose\lib\model.js:4312:21)
    at Function.populate (C:\Users\AdityaPP\software-testing-edu\server\node_modules\mongoose\lib\model.js:4280:19)
    at model.Query._find (C:\Users\AdityaPP\software-testing-edu\server\node_modules\mongoose\lib\query.js:2389:20)
    at process.processTicksAndRejections (node:internal/process/task_queues:105:5)
    at async model.Query.exec (C:\Users\AdityaPP\software-testing-edu\server\node_modules\mongoose\lib\query.js:4438:63)
    at async calculateTrendingScore (C:\Users\AdityaPP\software-testing-edu\server\cron\trendingScore.js:6:27)
    at async Task._execution (C:\Users\AdityaPP\software-testing-edu\server\server.js:45:13)
2025-03-05 17:00:02 [[31merror[39m]: StrictPopulateError: Cannot populate path `answers` because it is not in your schema. Set the `strictPopulate` option to false to override.
    at getModelsMapForPopulate (C:\Users\AdityaPP\software-testing-edu\server\node_modules\mongoose\lib\helpers\populate\getModelsMapForPopulate.js:50:12)
    at _populatePath (C:\Users\AdityaPP\software-testing-edu\server\node_modules\mongoose\lib\model.js:4312:21)
    at Function.populate (C:\Users\AdityaPP\software-testing-edu\server\node_modules\mongoose\lib\model.js:4280:19)
    at model.Query._find (C:\Users\AdityaPP\software-testing-edu\server\node_modules\mongoose\lib\query.js:2389:20)
    at process.processTicksAndRejections (node:internal/process/task_queues:105:5)
    at async model.Query.exec (C:\Users\AdityaPP\software-testing-edu\server\node_modules\mongoose\lib\query.js:4438:63)
    at async calculateTrendingScore (C:\Users\AdityaPP\software-testing-edu\server\cron\trendingScore.js:6:27)
    at async Task._execution (C:\Users\AdityaPP\software-testing-edu\server\server.js:45:13)
2025-03-06 11:00:03 [[31merror[39m]: StrictPopulateError: Cannot populate path `answers` because it is not in your schema. Set the `strictPopulate` option to false to override.
    at getModelsMapForPopulate (C:\Users\AdityaPP\software-testing-edu\server\node_modules\mongoose\lib\helpers\populate\getModelsMapForPopulate.js:50:12)
    at _populatePath (C:\Users\AdityaPP\software-testing-edu\server\node_modules\mongoose\lib\model.js:4312:21)
    at Function.populate (C:\Users\AdityaPP\software-testing-edu\server\node_modules\mongoose\lib\model.js:4280:19)
    at model.Query._find (C:\Users\AdityaPP\software-testing-edu\server\node_modules\mongoose\lib\query.js:2389:20)
    at process.processTicksAndRejections (node:internal/process/task_queues:105:5)
    at async model.Query.exec (C:\Users\AdityaPP\software-testing-edu\server\node_modules\mongoose\lib\query.js:4438:63)
    at async calculateTrendingScore (C:\Users\AdityaPP\software-testing-edu\server\cron\trendingScore.js:6:27)
    at async Task._execution (C:\Users\AdityaPP\software-testing-edu\server\server.js:45:13)
2025-03-06 12:00:00 [[31merror[39m]: StrictPopulateError: Cannot populate path `answers` because it is not in your schema. Set the `strictPopulate` option to false to override.
    at getModelsMapForPopulate (C:\Users\AdityaPP\software-testing-edu\server\node_modules\mongoose\lib\helpers\populate\getModelsMapForPopulate.js:50:12)
    at _populatePath (C:\Users\AdityaPP\software-testing-edu\server\node_modules\mongoose\lib\model.js:4312:21)
    at Function.populate (C:\Users\AdityaPP\software-testing-edu\server\node_modules\mongoose\lib\model.js:4280:19)
    at model.Query._find (C:\Users\AdityaPP\software-testing-edu\server\node_modules\mongoose\lib\query.js:2389:20)
    at process.processTicksAndRejections (node:internal/process/task_queues:105:5)
    at async model.Query.exec (C:\Users\AdityaPP\software-testing-edu\server\node_modules\mongoose\lib\query.js:4438:63)
    at async calculateTrendingScore (C:\Users\AdityaPP\software-testing-edu\server\cron\trendingScore.js:6:27)
    at async Task._execution (C:\Users\AdityaPP\software-testing-edu\server\server.js:45:13)
2025-03-06 13:00:01 [[31merror[39m]: StrictPopulateError: Cannot populate path `answers` because it is not in your schema. Set the `strictPopulate` option to false to override.
    at getModelsMapForPopulate (C:\Users\AdityaPP\software-testing-edu\server\node_modules\mongoose\lib\helpers\populate\getModelsMapForPopulate.js:50:12)
    at _populatePath (C:\Users\AdityaPP\software-testing-edu\server\node_modules\mongoose\lib\model.js:4312:21)
    at Function.populate (C:\Users\AdityaPP\software-testing-edu\server\node_modules\mongoose\lib\model.js:4280:19)
    at model.Query._find (C:\Users\AdityaPP\software-testing-edu\server\node_modules\mongoose\lib\query.js:2389:20)
    at process.processTicksAndRejections (node:internal/process/task_queues:105:5)
    at async model.Query.exec (C:\Users\AdityaPP\software-testing-edu\server\node_modules\mongoose\lib\query.js:4438:63)
    at async calculateTrendingScore (C:\Users\AdityaPP\software-testing-edu\server\cron\trendingScore.js:6:27)
    at async Task._execution (C:\Users\AdityaPP\software-testing-edu\server\server.js:45:13)
2025-03-06 14:00:00 [[31merror[39m]: StrictPopulateError: Cannot populate path `answers` because it is not in your schema. Set the `strictPopulate` option to false to override.
    at getModelsMapForPopulate (C:\Users\AdityaPP\software-testing-edu\server\node_modules\mongoose\lib\helpers\populate\getModelsMapForPopulate.js:50:12)
    at _populatePath (C:\Users\AdityaPP\software-testing-edu\server\node_modules\mongoose\lib\model.js:4312:21)
    at Function.populate (C:\Users\AdityaPP\software-testing-edu\server\node_modules\mongoose\lib\model.js:4280:19)
    at model.Query._find (C:\Users\AdityaPP\software-testing-edu\server\node_modules\mongoose\lib\query.js:2389:20)
    at process.processTicksAndRejections (node:internal/process/task_queues:105:5)
    at async model.Query.exec (C:\Users\AdityaPP\software-testing-edu\server\node_modules\mongoose\lib\query.js:4438:63)
    at async calculateTrendingScore (C:\Users\AdityaPP\software-testing-edu\server\cron\trendingScore.js:6:27)
    at async Task._execution (C:\Users\AdityaPP\software-testing-edu\server\server.js:45:13)
2025-03-06 15:00:00 [[31merror[39m]: StrictPopulateError: Cannot populate path `answers` because it is not in your schema. Set the `strictPopulate` option to false to override.
    at getModelsMapForPopulate (C:\Users\AdityaPP\software-testing-edu\server\node_modules\mongoose\lib\helpers\populate\getModelsMapForPopulate.js:50:12)
    at _populatePath (C:\Users\AdityaPP\software-testing-edu\server\node_modules\mongoose\lib\model.js:4312:21)
    at Function.populate (C:\Users\AdityaPP\software-testing-edu\server\node_modules\mongoose\lib\model.js:4280:19)
    at model.Query._find (C:\Users\AdityaPP\software-testing-edu\server\node_modules\mongoose\lib\query.js:2389:20)
    at process.processTicksAndRejections (node:internal/process/task_queues:105:5)
    at async model.Query.exec (C:\Users\AdityaPP\software-testing-edu\server\node_modules\mongoose\lib\query.js:4438:63)
    at async calculateTrendingScore (C:\Users\AdityaPP\software-testing-edu\server\cron\trendingScore.js:6:27)
    at async Task._execution (C:\Users\AdityaPP\software-testing-edu\server\server.js:45:13)
2025-03-07 11:00:01 [[31merror[39m]: StrictPopulateError: Cannot populate path `answers` because it is not in your schema. Set the `strictPopulate` option to false to override.
    at getModelsMapForPopulate (C:\Users\AdityaPP\software-testing-edu\server\node_modules\mongoose\lib\helpers\populate\getModelsMapForPopulate.js:50:12)
    at _populatePath (C:\Users\AdityaPP\software-testing-edu\server\node_modules\mongoose\lib\model.js:4312:21)
    at Function.populate (C:\Users\AdityaPP\software-testing-edu\server\node_modules\mongoose\lib\model.js:4280:19)
    at model.Query._find (C:\Users\AdityaPP\software-testing-edu\server\node_modules\mongoose\lib\query.js:2389:20)
    at process.processTicksAndRejections (node:internal/process/task_queues:105:5)
    at async model.Query.exec (C:\Users\AdityaPP\software-testing-edu\server\node_modules\mongoose\lib\query.js:4438:63)
    at async calculateTrendingScore (C:\Users\AdityaPP\software-testing-edu\server\cron\trendingScore.js:6:27)
    at async Task._execution (C:\Users\AdityaPP\software-testing-edu\server\server.js:46:13)
2025-03-07 12:00:01 [[32minfo[39m]: Successfully updated trending scores
2025-03-07 15:00:00 [[32minfo[39m]: Successfully updated trending scores
2025-03-07 16:00:30 [[31merror[39m]: MongoServerSelectionError: connect ECONNREFUSED 127.0.0.1:27017
    at Topology.selectServer (C:\Users\AdityaPP\software-testing-edu\server\node_modules\mongodb\lib\sdam\topology.js:320:38)
    at async tryOperation (C:\Users\AdityaPP\software-testing-edu\server\node_modules\mongodb\lib\operations\execute_operation.js:143:18)
    at async executeOperation (C:\Users\AdityaPP\software-testing-edu\server\node_modules\mongodb\lib\operations\execute_operation.js:73:16)
    at async FindCursor._initialize (C:\Users\AdityaPP\software-testing-edu\server\node_modules\mongodb\lib\cursor\find_cursor.js:60:26)
    at async FindCursor.cursorInit (C:\Users\AdityaPP\software-testing-edu\server\node_modules\mongodb\lib\cursor\abstract_cursor.js:607:27)
    at async FindCursor.fetchBatch (C:\Users\AdityaPP\software-testing-edu\server\node_modules\mongodb\lib\cursor\abstract_cursor.js:641:13)
    at async FindCursor.next (C:\Users\AdityaPP\software-testing-edu\server\node_modules\mongodb\lib\cursor\abstract_cursor.js:323:17)
    at async [Symbol.asyncIterator] (C:\Users\AdityaPP\software-testing-edu\server\node_modules\mongodb\lib\cursor\abstract_cursor.js:240:34)
    at async FindCursor.toArray (C:\Users\AdityaPP\software-testing-edu\server\node_modules\mongodb\lib\cursor\abstract_cursor.js:400:26)
    at async model.Query._find (C:\Users\AdityaPP\software-testing-edu\server\node_modules\mongoose\lib\query.js:2363:14)
2025-03-10 10:00:01 [[32minfo[39m]: Successfully updated trending scores
2025-03-10 11:00:00 [[32minfo[39m]: Successfully updated trending scores
2025-03-10 12:00:00 [[32minfo[39m]: Successfully updated trending scores
2025-03-10 14:00:00 [[32minfo[39m]: Successfully updated trending scores
2025-03-10 15:00:01 [[32minfo[39m]: Successfully updated trending scores
2025-03-10 16:00:01 [[32minfo[39m]: Successfully updated trending scores
2025-03-10 23:00:01 [[32minfo[39m]: Successfully updated trending scores
2025-03-11 11:00:01 [[32minfo[39m]: Successfully updated trending scores
2025-03-11 13:00:01 [[32minfo[39m]: Successfully updated trending scores
2025-03-11 15:00:12 [[32minfo[39m]: Successfully updated trending scores
2025-03-11 16:00:01 [[32minfo[39m]: Successfully updated trending scores
2025-03-12 12:00:01 [[32minfo[39m]: Successfully updated trending scores
2025-03-12 15:00:00 [[32minfo[39m]: Successfully updated trending scores
2025-03-12 16:00:03 [[32minfo[39m]: Successfully updated trending scores
2025-03-20 13:00:01 [[32minfo[39m]: Successfully updated trending scores
2025-03-20 16:00:01 [[32minfo[39m]: Successfully updated trending scores
2025-03-20 17:00:01 [[32minfo[39m]: Successfully updated trending scores
2025-03-20 23:00:01 [[32minfo[39m]: Successfully updated trending scores
2025-03-21 10:00:01 [[32minfo[39m]: Successfully updated trending scores
2025-03-21 11:00:01 [[32minfo[39m]: Successfully updated trending scores
2025-03-21 16:00:01 [[32minfo[39m]: Successfully updated trending scores
2025-03-21 17:00:01 [[32minfo[39m]: Successfully updated trending scores
2025-03-23 13:00:00 [[32minfo[39m]: Successfully updated trending scores
2025-03-24 11:00:00 [[32minfo[39m]: Successfully updated trending scores
2025-03-24 13:00:00 [[32minfo[39m]: Successfully updated trending scores
2025-03-24 15:00:01 [[32minfo[39m]: Successfully updated trending scores
2025-03-24 17:00:01 [[32minfo[39m]: Successfully updated trending scores
2025-03-25 12:00:00 [[32minfo[39m]: Successfully updated trending scores
2025-03-25 15:00:00 [[32minfo[39m]: Successfully updated trending scores
2025-03-25 16:00:00 [[32minfo[39m]: Successfully updated trending scores
2025-03-26 11:00:01 [[32minfo[39m]: Successfully updated trending scores
2025-03-26 12:00:00 [[32minfo[39m]: Successfully updated trending scores
2025-03-26 15:00:01 [[32minfo[39m]: Successfully updated trending scores
2025-03-26 16:00:01 [[32minfo[39m]: Successfully updated trending scores
2025-03-27 11:00:00 [[32minfo[39m]: Successfully updated trending scores
2025-03-27 12:00:03 [[32minfo[39m]: Successfully updated trending scores
2025-03-27 16:00:01 [[32minfo[39m]: Successfully updated trending scores
2025-03-27 17:00:01 [[32minfo[39m]: Successfully updated trending scores
2025-03-28 12:00:01 [[32minfo[39m]: Successfully updated trending scores
2025-03-28 13:00:01 [[32minfo[39m]: Successfully updated trending scores
2025-03-28 16:00:01 [[32minfo[39m]: Successfully updated trending scores
2025-03-29 22:00:00 [[32minfo[39m]: Successfully updated trending scores
2025-03-30 11:00:00 [[32minfo[39m]: Successfully updated trending scores
2025-03-31 12:00:01 [[32minfo[39m]: Successfully updated trending scores
2025-03-31 13:00:00 [[32minfo[39m]: Successfully updated trending scores
2025-04-01 11:00:00 [[32minfo[39m]: Successfully updated trending scores
2025-04-01 12:00:00 [[32minfo[39m]: Successfully updated trending scores
2025-04-01 16:00:02 [[32minfo[39m]: Successfully updated trending scores
2025-04-01 17:00:00 [[32minfo[39m]: Successfully updated trending scores
2025-04-01 22:00:01 [[32minfo[39m]: Successfully updated trending scores
2025-04-02 11:00:01 [[32minfo[39m]: Successfully updated trending scores
2025-04-02 12:00:00 [[32minfo[39m]: Successfully updated trending scores
2025-04-02 13:00:00 [[32minfo[39m]: Successfully updated trending scores
2025-04-02 16:00:05 [[32minfo[39m]: Successfully updated trending scores
2025-04-03 11:00:01 [[32minfo[39m]: Successfully updated trending scores
2025-04-03 12:00:04 [[32minfo[39m]: Successfully updated trending scores
2025-04-03 13:00:01 [[32minfo[39m]: Successfully updated trending scores
2025-04-03 16:00:04 [[32minfo[39m]: Successfully updated trending scores
2025-04-03 17:00:04 [[32minfo[39m]: Successfully updated trending scores
2025-04-03 18:00:00 [[32minfo[39m]: Successfully updated trending scores
2025-04-04 11:00:01 [[32minfo[39m]: Successfully updated trending scores
2025-04-04 16:00:00 [[32minfo[39m]: Successfully updated trending scores
2025-04-04 17:00:00 [[32minfo[39m]: Successfully updated trending scores
2025-04-05 11:00:00 [[32minfo[39m]: Successfully updated trending scores
2025-04-05 12:00:00 [[32minfo[39m]: Successfully updated trending scores
2025-04-05 13:00:01 [[32minfo[39m]: Successfully updated trending scores
2025-04-07 13:00:30 [[31merror[39m]: MongoServerSelectionError: getaddrinfo ENOTFOUND ac-zxhxg84-shard-00-01.pmcpbkw.mongodb.net
    at Topology.selectServer (C:\Users\AdityaPP\software-testing-edu\server\node_modules\mongodb\lib\sdam\topology.js:320:38)
    at async tryOperation (C:\Users\AdityaPP\software-testing-edu\server\node_modules\mongodb\lib\operations\execute_operation.js:143:18)
    at async executeOperation (C:\Users\AdityaPP\software-testing-edu\server\node_modules\mongodb\lib\operations\execute_operation.js:73:16)
    at async FindCursor._initialize (C:\Users\AdityaPP\software-testing-edu\server\node_modules\mongodb\lib\cursor\find_cursor.js:60:26)
    at async FindCursor.cursorInit (C:\Users\AdityaPP\software-testing-edu\server\node_modules\mongodb\lib\cursor\abstract_cursor.js:607:27)
    at async FindCursor.fetchBatch (C:\Users\AdityaPP\software-testing-edu\server\node_modules\mongodb\lib\cursor\abstract_cursor.js:641:13)
    at async FindCursor.next (C:\Users\AdityaPP\software-testing-edu\server\node_modules\mongodb\lib\cursor\abstract_cursor.js:323:17)
    at async [Symbol.asyncIterator] (C:\Users\AdityaPP\software-testing-edu\server\node_modules\mongodb\lib\cursor\abstract_cursor.js:240:34)
    at async FindCursor.toArray (C:\Users\AdityaPP\software-testing-edu\server\node_modules\mongodb\lib\cursor\abstract_cursor.js:400:26)
    at async model.Query._find (C:\Users\AdityaPP\software-testing-edu\server\node_modules\mongoose\lib\query.js:2363:14)
2025-04-07 15:00:02 [[32minfo[39m]: Successfully updated trending scores
2025-04-08 12:00:00 [[32minfo[39m]: Successfully updated trending scores
2025-04-08 13:00:00 [[32minfo[39m]: Successfully updated trending scores
2025-04-08 15:00:01 [[32minfo[39m]: Successfully updated trending scores
2025-04-08 16:00:00 [[32minfo[39m]: Successfully updated trending scores
2025-04-08 17:00:01 [[32minfo[39m]: Successfully updated trending scores
2025-04-09 11:00:00 [[32minfo[39m]: Successfully updated trending scores
2025-04-09 12:00:03 [[32minfo[39m]: Successfully updated trending scores
2025-04-09 16:00:02 [[32minfo[39m]: Successfully updated trending scores
2025-04-09 17:00:01 [[32minfo[39m]: Successfully updated trending scores
2025-04-10 12:00:02 [[32minfo[39m]: Successfully updated trending scores
2025-04-10 13:00:01 [[32minfo[39m]: Successfully updated trending scores
2025-04-10 15:00:01 [[32minfo[39m]: Successfully updated trending scores
2025-04-10 16:00:00 [[32minfo[39m]: Successfully updated trending scores
2025-04-10 17:00:01 [[32minfo[39m]: Successfully updated trending scores
2025-04-10 18:00:02 [[32minfo[39m]: Successfully updated trending scores
2025-04-29 11:00:00 [[32minfo[39m]: Successfully updated trending scores
2025-04-29 12:00:05 [[32minfo[39m]: Successfully updated trending scores
2025-04-30 15:00:00 [[32minfo[39m]: Successfully updated trending scores
2025-04-30 16:00:00 [[32minfo[39m]: Successfully updated trending scores
2025-04-30 17:00:01 [[32minfo[39m]: Successfully updated trending scores
2025-04-30 23:00:01 [[32minfo[39m]: Successfully updated trending scores
2025-05-06 11:00:04 [[32minfo[39m]: Successfully updated trending scores
2025-05-06 12:00:00 [[32minfo[39m]: Successfully updated trending scores
2025-05-06 16:00:01 [[32minfo[39m]: Successfully updated trending scores
2025-05-07 11:00:00 [[32minfo[39m]: Successfully updated trending scores
2025-05-07 12:00:00 [[32minfo[39m]: Successfully updated trending scores
2025-05-07 15:00:00 [[32minfo[39m]: Successfully updated trending scores
2025-05-08 11:00:00 [[32minfo[39m]: Successfully updated trending scores
2025-05-08 12:00:00 [[32minfo[39m]: Successfully updated trending scores
2025-05-08 13:00:03 [[32minfo[39m]: Successfully updated trending scores
2025-05-09 11:00:01 [[32minfo[39m]: Successfully updated trending scores
2025-05-09 12:00:01 [[32minfo[39m]: Successfully updated trending scores
2025-05-09 14:00:00 [[32minfo[39m]: Successfully updated trending scores
2025-05-13 11:00:00 [[32minfo[39m]: Successfully updated trending scores
2025-05-13 12:00:01 [[32minfo[39m]: Successfully updated trending scores
2025-05-13 15:00:00 [[32minfo[39m]: Successfully updated trending scores
2025-05-13 16:00:00 [[32minfo[39m]: Successfully updated trending scores
2025-05-13 17:00:00 [[32minfo[39m]: Successfully updated trending scores
2025-05-14 11:00:00 [[32minfo[39m]: Successfully updated trending scores
2025-05-14 12:00:00 [[32minfo[39m]: Successfully updated trending scores
2025-05-14 13:00:00 [[32minfo[39m]: Successfully updated trending scores
2025-05-14 15:00:01 [[32minfo[39m]: Successfully updated trending scores
2025-05-14 16:00:00 [[32minfo[39m]: Successfully updated trending scores
2025-06-03 12:00:00 [[32minfo[39m]: Successfully updated trending scores
2025-06-03 15:00:01 [[32minfo[39m]: Successfully updated trending scores
2025-06-04 16:00:00 [[32minfo[39m]: Successfully updated trending scores
2025-06-04 17:00:00 [[32minfo[39m]: Successfully updated trending scores
2025-06-05 11:00:00 [[32minfo[39m]: Successfully updated trending scores
2025-06-05 14:00:00 [[32minfo[39m]: Successfully updated trending scores
2025-06-06 11:00:02 [[32minfo[39m]: Successfully updated trending scores
2025-06-09 11:00:01 [[32minfo[39m]: Successfully updated trending scores
2025-06-09 12:00:00 [[32minfo[39m]: Successfully updated trending scores
2025-06-09 15:00:01 [[32minfo[39m]: Successfully updated trending scores
2025-06-17 12:00:00 [[32minfo[39m]: Successfully updated trending scores
2025-06-17 13:00:00 [[32minfo[39m]: Successfully updated trending scores
2025-06-17 17:00:09 [[32minfo[39m]: Successfully updated trending scores
2025-06-17 18:00:01 [[32minfo[39m]: Successfully updated trending scores
2025-06-17 19:00:00 [[32minfo[39m]: Successfully updated trending scores
2025-06-17 20:00:00 [[32minfo[39m]: Successfully updated trending scores
2025-06-18 13:00:03 [[32minfo[39m]: Successfully updated trending scores
2025-06-19 11:00:01 [[32minfo[39m]: Successfully updated trending scores
2025-06-19 12:00:03 [[32minfo[39m]: Successfully updated trending scores
2025-06-19 13:00:01 [[32minfo[39m]: Successfully updated trending scores
2025-06-19 19:00:21 [[32minfo[39m]: Successfully updated trending scores
2025-06-20 11:00:01 [[32minfo[39m]: Successfully updated trending scores
2025-06-20 12:00:00 [[32minfo[39m]: Successfully updated trending scores
2025-06-23 12:00:01 [[32minfo[39m]: Successfully updated trending scores
2025-06-23 13:00:01 [[32minfo[39m]: Successfully updated trending scores
2025-06-24 09:00:00 [[32minfo[39m]: Successfully updated trending scores
2025-06-24 10:00:01 [[32minfo[39m]: Successfully updated trending scores
2025-06-24 11:00:00 [[32minfo[39m]: Successfully updated trending scores
2025-06-25 14:00:00 [[32minfo[39m]: Successfully updated trending scores
2025-06-25 15:00:30 [[31merror[39m]: MongoServerSelectionError: connect ECONNREFUSED 127.0.0.1:27017
    at Topology.selectServer (C:\Users\AdityaPP\software-testing-edu\server\node_modules\mongodb\lib\sdam\topology.js:320:38)
    at async tryOperation (C:\Users\AdityaPP\software-testing-edu\server\node_modules\mongodb\lib\operations\execute_operation.js:143:18)
    at async executeOperation (C:\Users\AdityaPP\software-testing-edu\server\node_modules\mongodb\lib\operations\execute_operation.js:73:16)
    at async FindCursor._initialize (C:\Users\AdityaPP\software-testing-edu\server\node_modules\mongodb\lib\cursor\find_cursor.js:60:26)
    at async FindCursor.cursorInit (C:\Users\AdityaPP\software-testing-edu\server\node_modules\mongodb\lib\cursor\abstract_cursor.js:607:27)
    at async FindCursor.fetchBatch (C:\Users\AdityaPP\software-testing-edu\server\node_modules\mongodb\lib\cursor\abstract_cursor.js:641:13)
    at async FindCursor.next (C:\Users\AdityaPP\software-testing-edu\server\node_modules\mongodb\lib\cursor\abstract_cursor.js:323:17)
    at async [Symbol.asyncIterator] (C:\Users\AdityaPP\software-testing-edu\server\node_modules\mongodb\lib\cursor\abstract_cursor.js:240:34)
    at async FindCursor.toArray (C:\Users\AdityaPP\software-testing-edu\server\node_modules\mongodb\lib\cursor\abstract_cursor.js:400:26)
    at async model.Query._find (C:\Users\AdityaPP\software-testing-edu\server\node_modules\mongoose\lib\query.js:2363:14)
2025-06-25 17:00:01 [[32minfo[39m]: Successfully updated trending scores
2025-06-26 11:00:01 [[32minfo[39m]: Successfully updated trending scores
2025-06-26 15:00:01 [[32minfo[39m]: Successfully updated trending scores
2025-06-28 11:00:00 [[32minfo[39m]: Successfully updated trending scores
2025-06-28 12:00:00 [[32minfo[39m]: Successfully updated trending scores
2025-06-28 13:00:01 [[32minfo[39m]: Successfully updated trending scores
2025-06-29 11:00:01 [[32minfo[39m]: Successfully updated trending scores
2025-06-30 12:00:01 [[32minfo[39m]: Successfully updated trending scores
2025-06-30 13:00:01 [[32minfo[39m]: Successfully updated trending scores
2025-06-30 16:00:00 [[32minfo[39m]: Successfully updated trending scores
2025-06-30 17:00:01 [[32minfo[39m]: Successfully updated trending scores
2025-07-01 11:00:00 [[32minfo[39m]: Successfully updated trending scores
2025-07-01 16:00:00 [[32minfo[39m]: Successfully updated trending scores
2025-07-01 17:00:02 [[32minfo[39m]: Successfully updated trending scores
2025-07-01 19:00:01 [[32minfo[39m]: Successfully updated trending scores
2025-07-01 20:00:01 [[32minfo[39m]: Successfully updated trending scores
2025-07-02 11:00:00 [[32minfo[39m]: Successfully updated trending scores
2025-07-13 16:00:01 [[32minfo[39m]: Successfully updated trending scores
2025-07-13 17:00:01 [[32minfo[39m]: Successfully updated trending scores
2025-07-14 11:00:01 [[32minfo[39m]: Successfully updated trending scores
2025-07-14 12:00:01 [[32minfo[39m]: Successfully updated trending scores
2025-07-14 15:00:00 [[32minfo[39m]: Successfully updated trending scores
2025-07-14 18:00:00 [[32minfo[39m]: Successfully updated trending scores
2025-07-15 11:00:01 [[32minfo[39m]: Successfully updated trending scores
2025-07-15 12:00:05 [[32minfo[39m]: Successfully updated trending scores
2025-07-15 16:00:01 [[32minfo[39m]: Successfully updated trending scores
2025-07-16 11:00:01 [[32minfo[39m]: Successfully updated trending scores
2025-07-16 12:00:01 [[32minfo[39m]: Successfully updated trending scores
2025-07-16 13:00:10 [[32minfo[39m]: Successfully updated trending scores
2025-07-16 16:00:01 [[32minfo[39m]: Successfully updated trending scores
2025-07-16 17:00:00 [[32minfo[39m]: Successfully updated trending scores
2025-07-17 12:00:03 [[32minfo[39m]: Successfully updated trending scores
2025-07-17 13:00:01 [[32minfo[39m]: Successfully updated trending scores
2025-07-17 16:00:01 [[32minfo[39m]: Successfully updated trending scores
2025-07-21 16:00:00 [[32minfo[39m]: Successfully updated trending scores
2025-07-21 17:00:01 [[32minfo[39m]: Successfully updated trending scores
2025-07-21 18:00:01 [[32minfo[39m]: Successfully updated trending scores
2025-07-22 11:00:05 [[32minfo[39m]: Successfully updated trending scores
2025-07-22 12:00:01 [[32minfo[39m]: Successfully updated trending scores
2025-07-22 13:00:01 [[32minfo[39m]: Successfully updated trending scores
2025-07-22 14:00:01 [[32minfo[39m]: Successfully updated trending scores
2025-07-22 15:00:00 [[32minfo[39m]: Successfully updated trending scores
2025-07-22 16:00:00 [[32minfo[39m]: Successfully updated trending scores
2025-07-22 17:00:00 [[32minfo[39m]: Successfully updated trending scores
2025-07-22 18:00:00 [[32minfo[39m]: Successfully updated trending scores
2025-07-22 19:00:01 [[32minfo[39m]: Successfully updated trending scores
2025-07-22 20:00:00 [[32minfo[39m]: Successfully updated trending scores
2025-07-22 21:00:01 [[32minfo[39m]: Successfully updated trending scores
2025-07-22 22:00:00 [[32minfo[39m]: Successfully updated trending scores
2025-07-23 11:00:00 [[32minfo[39m]: Successfully updated trending scores
2025-07-23 12:00:00 [[32minfo[39m]: Successfully updated trending scores
2025-07-23 13:00:01 [[32minfo[39m]: Successfully updated trending scores
2025-07-23 14:00:00 [[32minfo[39m]: Successfully updated trending scores
2025-07-23 15:00:00 [[32minfo[39m]: Successfully updated trending scores
2025-07-23 16:00:01 [[32minfo[39m]: Successfully updated trending scores
2025-07-23 17:00:00 [[32minfo[39m]: Successfully updated trending scores
2025-07-23 18:00:00 [[32minfo[39m]: Successfully updated trending scores
2025-07-23 19:00:00 [[32minfo[39m]: Successfully updated trending scores
2025-07-23 20:00:01 [[32minfo[39m]: Successfully updated trending scores
2025-07-23 21:00:00 [[32minfo[39m]: Successfully updated trending scores
2025-07-24 12:00:01 [[32minfo[39m]: Successfully updated trending scores
2025-07-24 13:00:01 [[32minfo[39m]: Successfully updated trending scores
2025-07-24 14:00:01 [[32minfo[39m]: Successfully updated trending scores
2025-07-24 15:00:00 [[32minfo[39m]: Successfully updated trending scores
2025-07-24 17:00:01 [[32minfo[39m]: Successfully updated trending scores
2025-07-24 18:00:00 [[32minfo[39m]: Successfully updated trending scores
2025-07-24 19:00:00 [[32minfo[39m]: Successfully updated trending scores
2025-07-26 09:00:00 [[32minfo[39m]: Successfully updated trending scores
2025-07-29 20:00:00 [[32minfo[39m]: Successfully updated trending scores
2025-07-29 21:00:00 [[32minfo[39m]: Successfully updated trending scores
2025-07-29 22:00:00 [[32minfo[39m]: Successfully updated trending scores
2025-07-30 11:00:00 [[32minfo[39m]: Successfully updated trending scores
2025-07-30 12:00:01 [[32minfo[39m]: Successfully updated trending scores
2025-07-30 13:00:00 [[32minfo[39m]: Successfully updated trending scores
2025-07-30 18:00:01 [[32minfo[39m]: Successfully updated trending scores
2025-07-30 19:00:00 [[32minfo[39m]: Successfully updated trending scores
2025-07-30 20:00:01 [[32minfo[39m]: Successfully updated trending scores
2025-07-30 21:00:00 [[32minfo[39m]: Successfully updated trending scores
2025-07-31 13:00:01 [[32minfo[39m]: Successfully updated trending scores
2025-07-31 14:00:00 [[32minfo[39m]: Successfully updated trending scores
2025-07-31 15:00:00 [[32minfo[39m]: Successfully updated trending scores
2025-07-31 16:00:00 [[32minfo[39m]: Successfully updated trending scores
2025-07-31 17:00:00 [[32minfo[39m]: Successfully updated trending scores
2025-07-31 18:00:00 [[32minfo[39m]: Successfully updated trending scores
2025-07-31 19:00:00 [[32minfo[39m]: Successfully updated trending scores
2025-07-31 20:00:00 [[32minfo[39m]: Successfully updated trending scores
2025-07-31 21:00:01 [[32minfo[39m]: Successfully updated trending scores
2025-07-31 22:00:01 [[32minfo[39m]: Successfully updated trending scores
2025-08-11 11:00:02 [[32minfo[39m]: Successfully updated trending scores
2025-08-11 12:00:04 [[32minfo[39m]: Successfully updated trending scores
2025-08-11 13:00:00 [[32minfo[39m]: Successfully updated trending scores
2025-08-11 14:00:00 [[32minfo[39m]: Successfully updated trending scores
2025-08-11 15:00:01 [[32minfo[39m]: Successfully updated trending scores
2025-08-11 16:00:01 [[32minfo[39m]: Successfully updated trending scores
2025-08-11 17:00:01 [[32minfo[39m]: Successfully updated trending scores
2025-08-11 18:00:00 [[32minfo[39m]: Successfully updated trending scores
2025-08-11 19:00:01 [[32minfo[39m]: Successfully updated trending scores
2025-08-12 11:00:00 [[32minfo[39m]: Successfully updated trending scores
2025-08-12 12:00:01 [[32minfo[39m]: Successfully updated trending scores
2025-08-12 13:00:00 [[32minfo[39m]: Successfully updated trending scores
2025-08-12 17:00:01 [[32minfo[39m]: Successfully updated trending scores
2025-08-13 11:00:04 [[32minfo[39m]: Successfully updated trending scores
2025-08-13 12:00:01 [[32minfo[39m]: Successfully updated trending scores
2025-08-13 13:00:00 [[32minfo[39m]: Successfully updated trending scores
2025-08-13 14:00:00 [[32minfo[39m]: Successfully updated trending scores
2025-08-13 15:00:00 [[32minfo[39m]: Successfully updated trending scores
2025-08-13 16:00:00 [[32minfo[39m]: Successfully updated trending scores
2025-08-13 17:00:00 [[32minfo[39m]: Successfully updated trending scores
2026-03-13 19:00:00 [[32minfo[39m]: Successfully updated trending scores
2026-03-13 20:00:00 [[32minfo[39m]: Successfully updated trending scores
2026-03-13 21:00:00 [[32minfo[39m]: Successfully updated trending scores
2026-03-13 22:00:00 [[32minfo[39m]: Successfully updated trending scores
2026-03-13 23:00:00 [[32minfo[39m]: Successfully updated trending scores
2026-03-16 11:00:00 [[32minfo[39m]: Successfully updated trending scores
2026-03-16 12:00:00 [[32minfo[39m]: Successfully updated trending scores
2026-03-16 13:00:00 [[32minfo[39m]: Successfully updated trending scores
2026-03-16 14:00:01 [[32minfo[39m]: Successfully updated trending scores
2026-03-16 15:00:00 [[32minfo[39m]: Successfully updated trending scores
2026-03-16 16:00:01 [[32minfo[39m]: Successfully updated trending scores
2026-03-16 17:00:01 [[32minfo[39m]: Successfully updated trending scores
2026-03-16 18:00:00 [[32minfo[39m]: Successfully updated trending scores
2026-03-16 19:00:01 [[32minfo[39m]: Successfully updated trending scores
2026-03-16 23:00:01 [[32minfo[39m]: Successfully updated trending scores
2026-03-17 00:00:00 [[32minfo[39m]: Successfully updated trending scores
2026-03-17 11:00:01 [[32minfo[39m]: Successfully updated trending scores
2026-03-17 12:00:00 [[32minfo[39m]: Successfully updated trending scores
2026-03-17 13:00:01 [[32minfo[39m]: Successfully updated trending scores
2026-03-17 14:00:01 [[32minfo[39m]: Successfully updated trending scores
2026-03-17 15:00:30 [[31merror[39m]: MongoServerSelectionError: getaddrinfo ENOTFOUND ac-zxhxg84-shard-00-01.pmcpbkw.mongodb.net
    at Topology.selectServer (C:\Users\kumar\software-testing-edu-old\server\node_modules\mongodb\lib\sdam\topology.js:320:38)
    at async tryOperation (C:\Users\kumar\software-testing-edu-old\server\node_modules\mongodb\lib\operations\execute_operation.js:143:18)
    at async executeOperation (C:\Users\kumar\software-testing-edu-old\server\node_modules\mongodb\lib\operations\execute_operation.js:73:16)
    at async FindCursor._initialize (C:\Users\kumar\software-testing-edu-old\server\node_modules\mongodb\lib\cursor\find_cursor.js:60:26)
    at async FindCursor.cursorInit (C:\Users\kumar\software-testing-edu-old\server\node_modules\mongodb\lib\cursor\abstract_cursor.js:607:27)
    at async FindCursor.fetchBatch (C:\Users\kumar\software-testing-edu-old\server\node_modules\mongodb\lib\cursor\abstract_cursor.js:641:13)
    at async FindCursor.next (C:\Users\kumar\software-testing-edu-old\server\node_modules\mongodb\lib\cursor\abstract_cursor.js:323:17)
    at async [Symbol.asyncIterator] (C:\Users\kumar\software-testing-edu-old\server\node_modules\mongodb\lib\cursor\abstract_cursor.js:240:34)
    at async FindCursor.toArray (C:\Users\kumar\software-testing-edu-old\server\node_modules\mongodb\lib\cursor\abstract_cursor.js:400:26)
    at async model.Query._find (C:\Users\kumar\software-testing-edu-old\server\node_modules\mongoose\lib\query.js:2363:14)
2026-03-17 16:00:01 [[32minfo[39m]: Successfully updated trending scores
2026-03-17 23:00:00 [[32minfo[39m]: Successfully updated trending scores
2026-03-18 11:00:01 [[32minfo[39m]: Successfully updated trending scores
2026-03-18 12:00:01 [[32minfo[39m]: Successfully updated trending scores
2026-03-18 13:00:01 [[32minfo[39m]: Successfully updated trending scores
2026-03-18 14:00:02 [[32minfo[39m]: Successfully updated trending scores
2026-03-18 15:00:00 [[32minfo[39m]: Successfully updated trending scores
2026-03-18 16:00:01 [[32minfo[39m]: Successfully updated trending scores
2026-03-18 17:00:01 [[32minfo[39m]: Successfully updated trending scores
2026-03-18 18:00:00 [[32minfo[39m]: Successfully updated trending scores
2026-03-19 12:00:01 [[32minfo[39m]: Successfully updated trending scores
2026-03-19 13:00:00 [[32minfo[39m]: Successfully updated trending scores
2026-03-19 14:00:00 [[32minfo[39m]: Successfully updated trending scores
2026-03-19 15:00:02 [[32minfo[39m]: Successfully updated trending scores
2026-03-19 16:00:00 [[32minfo[39m]: Successfully updated trending scores
2026-03-19 17:00:00 [[32minfo[39m]: Successfully updated trending scores
2026-03-19 18:00:01 [[32minfo[39m]: Successfully updated trending scores
2026-03-19 19:00:03 [[32minfo[39m]: Successfully updated trending scores
2026-03-19 20:00:00 [[32minfo[39m]: Successfully updated trending scores
2026-03-19 21:00:00 [[32minfo[39m]: Successfully updated trending scores
2026-03-19 22:00:01 [[32minfo[39m]: Successfully updated trending scores
2026-03-20 12:00:06 [[32minfo[39m]: Successfully updated trending scores
2026-03-20 13:00:00 [[32minfo[39m]: Successfully updated trending scores
2026-03-20 14:00:00 [[32minfo[39m]: Successfully updated trending scores
2026-03-20 15:00:01 [[32minfo[39m]: Successfully updated trending scores
2026-03-20 16:00:16 [[32minfo[39m]: Successfully updated trending scores
2026-03-20 17:00:01 [[32minfo[39m]: Successfully updated trending scores
2026-03-20 18:00:00 [[32minfo[39m]: Successfully updated trending scores
2026-03-20 19:00:00 [[32minfo[39m]: Successfully updated trending scores
2026-03-20 20:00:00 [[32minfo[39m]: Successfully updated trending scores
2026-03-20 21:00:00 [[32minfo[39m]: Successfully updated trending scores
2026-03-20 22:00:00 [[32minfo[39m]: Successfully updated trending scores
2026-03-21 11:00:03 [[32minfo[39m]: Successfully updated trending scores
2026-03-21 12:00:02 [[32minfo[39m]: Successfully updated trending scores
2026-03-21 13:00:00 [[32minfo[39m]: Successfully updated trending scores
2026-03-21 14:00:00 [[32minfo[39m]: Successfully updated trending scores
2026-03-21 15:00:00 [[32minfo[39m]: Successfully updated trending scores
2026-03-21 16:00:00 [[32minfo[39m]: Successfully updated trending scores
2026-03-21 17:00:00 [[32minfo[39m]: Successfully updated trending scores
2026-03-21 18:00:00 [[32minfo[39m]: Successfully updated trending scores
2026-03-21 19:00:01 [[32minfo[39m]: Successfully updated trending scores
2026-03-21 20:00:00 [[32minfo[39m]: Successfully updated trending scores
2026-03-21 21:00:00 [[32minfo[39m]: Successfully updated trending scores
2026-03-21 22:00:00 [[32minfo[39m]: Successfully updated trending scores
2026-03-21 23:00:00 [[32minfo[39m]: Successfully updated trending scores
2026-03-22 12:00:01 [[32minfo[39m]: Successfully updated trending scores
2026-03-22 13:00:01 [[32minfo[39m]: Successfully updated trending scores
2026-03-22 14:00:00 [[32minfo[39m]: Successfully updated trending scores
2026-03-22 15:00:00 [[32minfo[39m]: Successfully updated trending scores
2026-03-22 16:00:01 [[32minfo[39m]: Successfully updated trending scores
2026-03-22 17:00:00 [[32minfo[39m]: Successfully updated trending scores
2026-03-22 18:00:00 [[32minfo[39m]: Successfully updated trending scores
2026-03-22 19:00:01 [[32minfo[39m]: Successfully updated trending scores
2026-03-22 20:00:00 [[32minfo[39m]: Successfully updated trending scores
2026-03-22 21:00:01 [[32minfo[39m]: Successfully updated trending scores
2026-03-22 22:00:00 [[32minfo[39m]: Successfully updated trending scores
2026-03-23 11:00:00 [[32minfo[39m]: Successfully updated trending scores
2026-03-23 12:00:00 [[32minfo[39m]: Successfully updated trending scores
2026-03-23 13:00:00 [[32minfo[39m]: Successfully updated trending scores
2026-03-23 15:00:00 [[32minfo[39m]: Successfully updated trending scores
2026-03-23 16:00:01 [[32minfo[39m]: Successfully updated trending scores
2026-03-23 17:00:01 [[32minfo[39m]: Successfully updated trending scores
2026-03-23 18:00:00 [[32minfo[39m]: Successfully updated trending scores
2026-03-23 19:00:00 [[32minfo[39m]: Successfully updated trending scores
2026-03-23 20:00:00 [[32minfo[39m]: Successfully updated trending scores
2026-03-23 21:00:00 [[32minfo[39m]: Successfully updated trending scores
2026-03-23 22:00:00 [[32minfo[39m]: Successfully updated trending scores
2026-03-24 10:00:01 [[32minfo[39m]: Successfully updated trending scores
2026-03-24 11:00:01 [[32minfo[39m]: Successfully updated trending scores
2026-03-24 12:00:00 [[32minfo[39m]: Successfully updated trending scores
2026-03-24 13:00:00 [[32minfo[39m]: Successfully updated trending scores
2026-03-24 14:00:00 [[32minfo[39m]: Successfully updated trending scores
2026-03-24 15:00:00 [[32minfo[39m]: Successfully updated trending scores
2026-03-30 12:00:01 [[32minfo[39m]: Successfully updated trending scores
2026-03-30 13:00:03 [[32minfo[39m]: Successfully updated trending scores
2026-03-30 14:00:30 [[31merror[39m]: MongoServerSelectionError: getaddrinfo ENOTFOUND ac-zxhxg84-shard-00-00.pmcpbkw.mongodb.net
    at Topology.selectServer (C:\Users\kumar\software-testing-edu-old\server\node_modules\mongodb\lib\sdam\topology.js:320:38)
    at async tryOperation (C:\Users\kumar\software-testing-edu-old\server\node_modules\mongodb\lib\operations\execute_operation.js:143:18)
    at async executeOperation (C:\Users\kumar\software-testing-edu-old\server\node_modules\mongodb\lib\operations\execute_operation.js:73:16)
    at async FindCursor._initialize (C:\Users\kumar\software-testing-edu-old\server\node_modules\mongodb\lib\cursor\find_cursor.js:60:26)
    at async FindCursor.cursorInit (C:\Users\kumar\software-testing-edu-old\server\node_modules\mongodb\lib\cursor\abstract_cursor.js:607:27)
    at async FindCursor.fetchBatch (C:\Users\kumar\software-testing-edu-old\server\node_modules\mongodb\lib\cursor\abstract_cursor.js:641:13)
    at async FindCursor.next (C:\Users\kumar\software-testing-edu-old\server\node_modules\mongodb\lib\cursor\abstract_cursor.js:323:17)
    at async [Symbol.asyncIterator] (C:\Users\kumar\software-testing-edu-old\server\node_modules\mongodb\lib\cursor\abstract_cursor.js:240:34)
    at async FindCursor.toArray (C:\Users\kumar\software-testing-edu-old\server\node_modules\mongodb\lib\cursor\abstract_cursor.js:400:26)
    at async model.Query._find (C:\Users\kumar\software-testing-edu-old\server\node_modules\mongoose\lib\query.js:2363:14)
2026-03-30 15:00:01 [[32minfo[39m]: Successfully updated trending scores
2026-03-30 16:00:00 [[32minfo[39m]: Successfully updated trending scores
2026-03-30 17:00:01 [[32minfo[39m]: Successfully updated trending scores
2026-03-30 18:00:00 [[32minfo[39m]: Successfully updated trending scores
2026-03-30 19:00:00 [[32minfo[39m]: Successfully updated trending scores
2026-03-30 20:00:00 [[32minfo[39m]: Successfully updated trending scores
2026-03-31 10:00:02 [[32minfo[39m]: Successfully updated trending scores
2026-03-31 11:00:00 [[32minfo[39m]: Successfully updated trending scores
2026-04-02 12:00:00 [[32minfo[39m]: Successfully updated trending scores
2026-04-02 13:00:01 [[32minfo[39m]: Successfully updated trending scores
2026-04-02 14:00:00 [[32minfo[39m]: Successfully updated trending scores
2026-04-02 15:00:01 [[32minfo[39m]: Successfully updated trending scores
2026-04-02 16:00:00 [[32minfo[39m]: Successfully updated trending scores
2026-04-02 17:00:00 [[32minfo[39m]: Successfully updated trending scores
2026-04-02 18:00:00 [[32minfo[39m]: Successfully updated trending scores
2026-04-02 19:00:01 [[32minfo[39m]: Successfully updated trending scores
2026-04-02 20:00:00 [[32minfo[39m]: Successfully updated trending scores
2026-04-02 22:00:00 [[32minfo[39m]: Successfully updated trending scores
2026-04-02 23:00:00 [[32minfo[39m]: Successfully updated trending scores
2026-04-06 11:00:05 [[32minfo[39m]: Successfully updated trending scores
2026-04-06 12:00:00 [[32minfo[39m]: Successfully updated trending scores
2026-04-06 13:00:00 [[32minfo[39m]: Successfully updated trending scores
2026-04-06 14:00:00 [[32minfo[39m]: Successfully updated trending scores
2026-04-06 15:00:00 [[32minfo[39m]: Successfully updated trending scores
2026-04-06 16:00:01 [[32minfo[39m]: Successfully updated trending scores
2026-04-06 17:00:00 [[32minfo[39m]: Successfully updated trending scores
2026-04-06 18:00:00 [[32minfo[39m]: Successfully updated trending scores
2026-04-06 19:00:01 [[32minfo[39m]: Successfully updated trending scores
2026-04-06 20:00:00 [[32minfo[39m]: Successfully updated trending scores
2026-04-06 21:00:00 [[32minfo[39m]: Successfully updated trending scores
2026-04-06 22:00:00 [[32minfo[39m]: Successfully updated trending scores
2026-04-07 10:00:04 [[32minfo[39m]: Successfully updated trending scores
2026-04-07 11:00:01 [[32minfo[39m]: Successfully updated trending scores
2026-04-07 12:00:00 [[32minfo[39m]: Successfully updated trending scores
2026-04-07 13:00:01 [[32minfo[39m]: Successfully updated trending scores
2026-04-07 14:00:00 [[32minfo[39m]: Successfully updated trending scores
2026-04-07 15:00:01 [[32minfo[39m]: Successfully updated trending scores
2026-04-07 16:00:01 [[32minfo[39m]: Successfully updated trending scores
2026-04-07 17:00:01 [[32minfo[39m]: Successfully updated trending scores
2026-04-07 18:00:00 [[32minfo[39m]: Successfully updated trending scores
2026-04-07 19:00:02 [[32minfo[39m]: Successfully updated trending scores
2026-04-07 20:00:01 [[32minfo[39m]: Successfully updated trending scores
2026-04-07 21:00:00 [[32minfo[39m]: Successfully updated trending scores
2026-04-08 11:00:02 [[32minfo[39m]: Successfully updated trending scores
2026-04-08 12:00:01 [[32minfo[39m]: Successfully updated trending scores
2026-04-08 13:00:00 [[32minfo[39m]: Successfully updated trending scores
2026-04-08 14:00:00 [[32minfo[39m]: Successfully updated trending scores
2026-04-08 15:00:01 [[32minfo[39m]: Successfully updated trending scores
2026-04-08 16:00:00 [[32minfo[39m]: Successfully updated trending scores
2026-04-08 17:00:00 [[32minfo[39m]: Successfully updated trending scores
2026-04-08 18:00:00 [[32minfo[39m]: Successfully updated trending scores
2026-04-08 19:00:00 [[32minfo[39m]: Successfully updated trending scores
2026-04-08 20:00:00 [[32minfo[39m]: Successfully updated trending scores
2026-04-08 22:00:00 [[32minfo[39m]: Successfully updated trending scores
2026-04-09 11:00:02 [[32minfo[39m]: Successfully updated trending scores
2026-04-09 12:00:00 [[32minfo[39m]: Successfully updated trending scores
2026-04-09 13:00:00 [[32minfo[39m]: Successfully updated trending scores
2026-04-09 15:00:01 [[32minfo[39m]: Successfully updated trending scores
2026-04-09 17:00:08 [[32minfo[39m]: Successfully updated trending scores
2026-04-10 11:00:00 [[32minfo[39m]: Successfully updated trending scores
2026-04-10 12:00:00 [[32minfo[39m]: Successfully updated trending scores
2026-04-10 13:00:01 [[32minfo[39m]: Successfully updated trending scores
2026-04-10 14:00:00 [[32minfo[39m]: Successfully updated trending scores
2026-04-10 16:00:00 [[32minfo[39m]: Successfully updated trending scores
2026-04-10 17:00:01 [[32minfo[39m]: Successfully updated trending scores
2026-04-10 18:00:00 [[32minfo[39m]: Successfully updated trending scores
2026-04-10 19:00:01 [[32minfo[39m]: Successfully updated trending scores
2026-04-10 20:00:00 [[32minfo[39m]: Successfully updated trending scores
2026-04-10 21:00:00 [[32minfo[39m]: Successfully updated trending scores
2026-04-10 22:00:00 [[32minfo[39m]: Successfully updated trending scores
2026-04-10 23:00:00 [[32minfo[39m]: Successfully updated trending scores
2026-04-13 10:00:00 [[32minfo[39m]: Successfully updated trending scores
2026-04-13 11:00:02 [[32minfo[39m]: Successfully updated trending scores
2026-04-13 12:00:00 [[32minfo[39m]: Successfully updated trending scores
2026-04-13 13:00:01 [[32minfo[39m]: Successfully updated trending scores
2026-04-13 15:00:00 [[32minfo[39m]: Successfully updated trending scores
2026-04-13 16:00:01 [[32minfo[39m]: Successfully updated trending scores
2026-04-13 17:00:01 [[32minfo[39m]: Successfully updated trending scores
2026-04-13 18:00:00 [[32minfo[39m]: Successfully updated trending scores
2026-04-13 19:00:00 [[32minfo[39m]: Successfully updated trending scores
2026-04-13 20:00:01 [[32minfo[39m]: Successfully updated trending scores
2026-04-13 21:00:00 [[32minfo[39m]: Successfully updated trending scores
2026-04-13 22:00:00 [[32minfo[39m]: Successfully updated trending scores
2026-04-13 23:00:00 [[32minfo[39m]: Successfully updated trending scores
2026-04-14 11:00:00 [[32minfo[39m]: Successfully updated trending scores
2026-04-14 12:00:00 [[32minfo[39m]: Successfully updated trending scores
2026-04-14 13:00:01 [[32minfo[39m]: Successfully updated trending scores
2026-04-14 14:00:01 [[32minfo[39m]: Successfully updated trending scores
2026-04-14 15:00:00 [[32minfo[39m]: Successfully updated trending scores
2026-04-14 16:00:00 [[32minfo[39m]: Successfully updated trending scores
2026-04-14 17:00:00 [[32minfo[39m]: Successfully updated trending scores
2026-04-14 18:00:00 [[32minfo[39m]: Successfully updated trending scores
2026-04-14 19:00:01 [[32minfo[39m]: Successfully updated trending scores
2026-04-14 20:00:01 [[32minfo[39m]: Successfully updated trending scores
2026-04-14 21:00:00 [[32minfo[39m]: Successfully updated trending scores
2026-04-14 22:00:00 [[32minfo[39m]: Successfully updated trending scores
2026-04-14 23:00:00 [[32minfo[39m]: Successfully updated trending scores
2026-04-15 11:00:02 [[32minfo[39m]: Successfully updated trending scores
2026-04-15 13:00:01 [[32minfo[39m]: Successfully updated trending scores
2026-04-15 14:00:00 [[32minfo[39m]: Successfully updated trending scores
2026-04-15 15:00:30 [[31merror[39m]: MongoServerSelectionError: getaddrinfo ENOTFOUND ac-zxhxg84-shard-00-01.pmcpbkw.mongodb.net
    at Topology.selectServer (C:\Users\kumar\software-testing-edu-old\server\node_modules\mongodb\lib\sdam\topology.js:320:38)
    at async tryOperation (C:\Users\kumar\software-testing-edu-old\server\node_modules\mongodb\lib\operations\execute_operation.js:143:18)
    at async executeOperation (C:\Users\kumar\software-testing-edu-old\server\node_modules\mongodb\lib\operations\execute_operation.js:73:16)
    at async FindCursor._initialize (C:\Users\kumar\software-testing-edu-old\server\node_modules\mongodb\lib\cursor\find_cursor.js:60:26)
    at async FindCursor.cursorInit (C:\Users\kumar\software-testing-edu-old\server\node_modules\mongodb\lib\cursor\abstract_cursor.js:607:27)
    at async FindCursor.fetchBatch (C:\Users\kumar\software-testing-edu-old\server\node_modules\mongodb\lib\cursor\abstract_cursor.js:641:13)
    at async FindCursor.next (C:\Users\kumar\software-testing-edu-old\server\node_modules\mongodb\lib\cursor\abstract_cursor.js:323:17)
    at async [Symbol.asyncIterator] (C:\Users\kumar\software-testing-edu-old\server\node_modules\mongodb\lib\cursor\abstract_cursor.js:240:34)
    at async FindCursor.toArray (C:\Users\kumar\software-testing-edu-old\server\node_modules\mongodb\lib\cursor\abstract_cursor.js:400:26)
    at async model.Query._find (C:\Users\kumar\software-testing-edu-old\server\node_modules\mongoose\lib\query.js:2363:14)
2026-04-15 16:00:01 [[32minfo[39m]: Successfully updated trending scores
2026-04-15 17:00:00 [[32minfo[39m]: Successfully updated trending scores
2026-04-15 18:00:00 [[32minfo[39m]: Successfully updated trending scores
2026-04-15 19:00:00 [[32minfo[39m]: Successfully updated trending scores
2026-04-15 20:00:00 [[32minfo[39m]: Successfully updated trending scores
2026-04-15 21:00:00 [[32minfo[39m]: Successfully updated trending scores
2026-04-15 22:00:00 [[32minfo[39m]: Successfully updated trending scores
2026-04-15 23:00:00 [[32minfo[39m]: Successfully updated trending scores
2026-04-16 11:00:01 [[32minfo[39m]: Successfully updated trending scores
2026-04-16 12:00:00 [[32minfo[39m]: Successfully updated trending scores
2026-04-16 13:00:01 [[32minfo[39m]: Successfully updated trending scores
2026-04-16 14:00:01 [[32minfo[39m]: Successfully updated trending scores
2026-04-16 15:00:00 [[32minfo[39m]: Successfully updated trending scores
2026-04-16 16:00:01 [[32minfo[39m]: Successfully updated trending scores
2026-04-19 13:00:01 [[32minfo[39m]: Successfully updated trending scores
2026-04-19 14:00:00 [[32minfo[39m]: Successfully updated trending scores
2026-04-19 15:00:00 [[32minfo[39m]: Successfully updated trending scores
2026-04-19 16:00:00 [[32minfo[39m]: Successfully updated trending scores
2026-04-19 17:00:01 [[32minfo[39m]: Successfully updated trending scores
2026-04-19 18:00:00 [[32minfo[39m]: Successfully updated trending scores
2026-04-19 19:00:00 [[32minfo[39m]: Successfully updated trending scores
2026-04-19 20:00:00 [[32minfo[39m]: Successfully updated trending scores
2026-04-19 21:00:01 [[32minfo[39m]: Successfully updated trending scores
2026-04-21 11:00:02 [[32minfo[39m]: Successfully updated trending scores
2026-04-21 12:00:00 [[32minfo[39m]: Successfully updated trending scores
2026-04-21 13:00:00 [[32minfo[39m]: Successfully updated trending scores
2026-04-21 14:00:01 [[32minfo[39m]: Successfully updated trending scores
2026-04-21 15:00:00 [[32minfo[39m]: Successfully updated trending scores
2026-04-21 16:00:00 [[32minfo[39m]: Successfully updated trending scores
2026-04-21 17:00:01 [[32minfo[39m]: Successfully updated trending scores
2026-04-21 18:00:00 [[32minfo[39m]: Successfully updated trending scores
2026-04-21 19:00:00 [[32minfo[39m]: Successfully updated trending scores
2026-04-21 20:00:00 [[32minfo[39m]: Successfully updated trending scores
2026-04-21 21:00:00 [[32minfo[39m]: Successfully updated trending scores
2026-04-21 22:00:01 [[32minfo[39m]: Successfully updated trending scores
2026-04-22 11:00:01 [[32minfo[39m]: Successfully updated trending scores
2026-04-22 12:00:00 [[32minfo[39m]: Successfully updated trending scores
2026-04-22 17:00:01 [[32minfo[39m]: Successfully updated trending scores
2026-04-22 18:00:01 [[32minfo[39m]: Successfully updated trending scores
2026-04-22 19:00:00 [[32minfo[39m]: Successfully updated trending scores
2026-04-22 20:00:00 [[32minfo[39m]: Successfully updated trending scores
2026-04-23 09:00:00 [[32minfo[39m]: Successfully updated trending scores
2026-04-23 10:00:00 [[32minfo[39m]: Successfully updated trending scores
2026-04-23 11:00:00 [[32minfo[39m]: Successfully updated trending scores
2026-04-23 12:00:00 [[32minfo[39m]: Successfully updated trending scores
2026-04-23 13:00:00 [[32minfo[39m]: Successfully updated trending scores
2026-04-23 14:00:01 [[32minfo[39m]: Successfully updated trending scores
2026-04-23 15:00:01 [[32minfo[39m]: Successfully updated trending scores
2026-04-23 16:00:01 [[32minfo[39m]: Successfully updated trending scores
2026-04-23 17:00:01 [[32minfo[39m]: Successfully updated trending scores
2026-04-23 18:00:01 [[32minfo[39m]: Successfully updated trending scores
2026-04-24 11:00:01 [[32minfo[39m]: Successfully updated trending scores
2026-04-24 12:00:00 [[32minfo[39m]: Successfully updated trending scores
2026-04-24 13:00:01 [[32minfo[39m]: Successfully updated trending scores
2026-04-24 14:00:01 [[32minfo[39m]: Successfully updated trending scores
2026-04-24 15:00:00 [[32minfo[39m]: Successfully updated trending scores
2026-06-10 12:00:00 [[32minfo[39m]: Successfully updated trending scores
2026-06-10 13:00:01 [[32minfo[39m]: Successfully updated trending scores
2026-06-10 14:00:01 [[32minfo[39m]: Successfully updated trending scores
2026-06-10 15:00:01 [[32minfo[39m]: Successfully updated trending scores
2026-06-10 16:00:01 [[32minfo[39m]: Successfully updated trending scores
2026-06-10 17:00:01 [[32minfo[39m]: Successfully updated trending scores
2026-06-11 11:00:09 [[32minfo[39m]: Successfully updated trending scores
2026-06-11 12:00:01 [[32minfo[39m]: Successfully updated trending scores
2026-06-11 15:00:01 [[32minfo[39m]: Successfully updated trending scores
2026-06-11 16:00:12 [[32minfo[39m]: Successfully updated trending scores
2026-06-12 16:36:36 [[32minfo[39m]: Successfully updated trending scores
2026-06-16 10:39:58 [[32minfo[39m]: Successfully updated trending scores
2026-06-16 11:00:01 [[32minfo[39m]: Successfully updated trending scores
2026-06-16 16:00:00 [[32minfo[39m]: Successfully updated trending scores
2026-06-17 10:41:44 [[32minfo[39m]: Successfully updated trending scores
2026-06-17 11:00:01 [[32minfo[39m]: Successfully updated trending scores
2026-06-23 10:32:07 [[32minfo[39m]: Successfully updated trending scores
2026-06-23 11:00:02 [[32minfo[39m]: Successfully updated trending scores
2026-06-23 12:00:01 [[32minfo[39m]: Successfully updated trending scores
2026-06-23 15:00:01 [[32minfo[39m]: Successfully updated trending scores
2026-06-23 16:23:12 [[32minfo[39m]: Successfully updated trending scores
2026-06-24 11:00:12 [[32minfo[39m]: Successfully updated trending scores
2026-06-24 12:00:01 [[32minfo[39m]: Successfully updated trending scores
2026-06-24 15:00:30 [[31merror[39m]: MongoServerSelectionError: getaddrinfo ENOTFOUND ac-zxhxg84-shard-00-01.pmcpbkw.mongodb.net
    at Topology.selectServer (C:\Users\kumar\software-testing-edu-old\server\node_modules\mongodb\lib\sdam\topology.js:320:38)
    at async tryOperation (C:\Users\kumar\software-testing-edu-old\server\node_modules\mongodb\lib\operations\execute_operation.js:143:18)
    at async executeOperation (C:\Users\kumar\software-testing-edu-old\server\node_modules\mongodb\lib\operations\execute_operation.js:73:16)
    at async FindCursor._initialize (C:\Users\kumar\software-testing-edu-old\server\node_modules\mongodb\lib\cursor\find_cursor.js:60:26)
    at async FindCursor.cursorInit (C:\Users\kumar\software-testing-edu-old\server\node_modules\mongodb\lib\cursor\abstract_cursor.js:607:27)
    at async FindCursor.fetchBatch (C:\Users\kumar\software-testing-edu-old\server\node_modules\mongodb\lib\cursor\abstract_cursor.js:641:13)
    at async FindCursor.next (C:\Users\kumar\software-testing-edu-old\server\node_modules\mongodb\lib\cursor\abstract_cursor.js:323:17)
    at async [Symbol.asyncIterator] (C:\Users\kumar\software-testing-edu-old\server\node_modules\mongodb\lib\cursor\abstract_cursor.js:240:34)
    at async FindCursor.toArray (C:\Users\kumar\software-testing-edu-old\server\node_modules\mongodb\lib\cursor\abstract_cursor.js:400:26)
    at async model.Query._find (C:\Users\kumar\software-testing-edu-old\server\node_modules\mongoose\lib\query.js:2363:14)
2026-06-24 17:00:02 [[32minfo[39m]: Successfully updated trending scores
2026-06-24 18:00:00 [[32minfo[39m]: Successfully updated trending scores
2026-06-25 10:00:09 [[32minfo[39m]: Successfully updated trending scores
2026-06-25 11:00:01 [[32minfo[39m]: Successfully updated trending scores
2026-06-25 12:00:02 [[32minfo[39m]: Successfully updated trending scores
2026-06-25 13:00:00 [[32minfo[39m]: Successfully updated trending scores
2026-06-25 16:00:01 [[32minfo[39m]: Successfully updated trending scores
2026-06-25 17:00:00 [[32minfo[39m]: Successfully updated trending scores
2026-06-26 11:00:05 [[32minfo[39m]: Successfully updated trending scores
2026-06-26 12:00:02 [[32minfo[39m]: Successfully updated trending scores
2026-06-30 11:26:27 [[32minfo[39m]: Successfully updated trending scores
2026-06-30 12:00:00 [[32minfo[39m]: Successfully updated trending scores
2026-06-30 13:00:00 [[32minfo[39m]: Successfully updated trending scores
2026-06-30 14:00:01 [[32minfo[39m]: Successfully updated trending scores
2026-06-30 15:00:02 [[32minfo[39m]: Successfully updated trending scores
2026-06-30 16:00:00 [[32minfo[39m]: Successfully updated trending scores
2026-07-01 11:00:02 [[32minfo[39m]: Successfully updated trending scores
2026-07-01 13:27:14 [[32minfo[39m]: Successfully updated trending scores
2026-07-01 14:00:00 [[32minfo[39m]: Successfully updated trending scores
2026-07-01 15:00:00 [[32minfo[39m]: Successfully updated trending scores
2026-07-01 16:00:00 [[32minfo[39m]: Successfully updated trending scores
2026-07-01 17:00:00 [[32minfo[39m]: Successfully updated trending scores
2026-07-01 18:00:00 [[32minfo[39m]: Successfully updated trending scores
2026-07-01 19:00:00 [[32minfo[39m]: Successfully updated trending scores
2026-07-02 12:00:00 [[32minfo[39m]: Successfully updated trending scores
2026-07-06 12:18:50 [[32minfo[39m]: Successfully updated trending scores
2026-07-06 13:00:00 [[32minfo[39m]: Successfully updated trending scores
2026-07-06 14:00:02 [[32minfo[39m]: Successfully updated trending scores
2026-07-06 15:00:01 [[32minfo[39m]: Successfully updated trending scores
2026-07-06 16:00:00 [[32minfo[39m]: Successfully updated trending scores
2026-07-06 17:00:00 [[32minfo[39m]: Successfully updated trending scores
2026-07-06 18:00:01 [[32minfo[39m]: Successfully updated trending scores
2026-07-06 23:00:01 [[32minfo[39m]: Successfully updated trending scores
2026-07-12 17:30:00 [[32minfo[39m]: Successfully updated trending scores
2026-07-12 18:00:00 [[32minfo[39m]: Successfully updated trending scores
2026-07-12 21:21:08 [[32minfo[39m]: Successfully updated trending scores
2026-07-12 22:00:00 [[32minfo[39m]: Successfully updated trending scores
2026-07-13 11:00:00 [[32minfo[39m]: Successfully updated trending scores
2026-07-13 12:00:01 [[32minfo[39m]: Successfully updated trending scores
2026-07-13 13:00:00 [[32minfo[39m]: Successfully updated trending scores
2026-07-13 14:00:00 [[32minfo[39m]: Successfully updated trending scores
2026-07-13 15:00:00 [[32minfo[39m]: Successfully updated trending scores
2026-07-13 16:00:00 [[32minfo[39m]: Successfully updated trending scores
2026-07-13 17:00:03 [[32minfo[39m]: Successfully updated trending scores
2026-07-13 18:00:00 [[32minfo[39m]: Successfully updated trending scores
2026-07-13 19:00:01 [[32minfo[39m]: Successfully updated trending scores
2026-07-13 20:00:01 [[32minfo[39m]: Successfully updated trending scores
2026-07-13 21:00:01 [[32minfo[39m]: Successfully updated trending scores
2026-07-13 22:00:00 [[32minfo[39m]: Successfully updated trending scores
2026-07-13 23:00:00 [[32minfo[39m]: Successfully updated trending scores
2026-07-14 10:00:10 [[32minfo[39m]: Successfully updated trending scores
