2025-03-05 13:00:01 [[31merror[39m]: StrictPopulateError: Cannot populate path `answers` because it is not in your schema. Set the `strictPopulate` option to false to override.
    at getModelsMapForPopulate (C:\Users\AdityaPP\software-testing-edu\server\node_modules\mongoose\lib\helpers\populate\getModelsMapForPopulate.js:50:12)
    at _populatePath (C:\Users\AdityaPP\software-testing-edu\server\node_modules\mongoose\lib\model.js:4312:21)
    at Function.populate (C:\Users\AdityaPP\software-testing-edu\server\node_modules\mongoose\lib\model.js:4280:19)
    at model.Query._find (C:\Users\AdityaPP\software-testing-edu\server\node_modules\mongoose\lib\query.js:2389:20)
    at process.processTicksAndRejections (node:internal/process/task_queues:105:5)
    at async model.Query.exec (C:\Users\AdityaPP\software-testing-edu\server\node_modules\mongoose\lib\query.js:4438:63)
    at async calculateTrendingScore (C:\Users\AdityaPP\software-testing-edu\server\cron\trendingScore.js:6:27)
    at async Task._execution (C:\Users\AdityaPP\software-testing-edu\server\server.js:45:13)
2025-03-05 17:00:02 [[31merror[39m]: StrictPopulateError: Cannot populate path `answers` because it is not in your schema. Set the `strictPopulate` option to false to override.
    at getModelsMapForPopulate (C:\Users\AdityaPP\software-testing-edu\server\node_modules\mongoose\lib\helpers\populate\getModelsMapForPopulate.js:50:12)
    at _populatePath (C:\Users\AdityaPP\software-testing-edu\server\node_modules\mongoose\lib\model.js:4312:21)
    at Function.populate (C:\Users\AdityaPP\software-testing-edu\server\node_modules\mongoose\lib\model.js:4280:19)
    at model.Query._find (C:\Users\AdityaPP\software-testing-edu\server\node_modules\mongoose\lib\query.js:2389:20)
    at process.processTicksAndRejections (node:internal/process/task_queues:105:5)
    at async model.Query.exec (C:\Users\AdityaPP\software-testing-edu\server\node_modules\mongoose\lib\query.js:4438:63)
    at async calculateTrendingScore (C:\Users\AdityaPP\software-testing-edu\server\cron\trendingScore.js:6:27)
    at async Task._execution (C:\Users\AdityaPP\software-testing-edu\server\server.js:45:13)
2025-03-06 11:00:03 [[31merror[39m]: StrictPopulateError: Cannot populate path `answers` because it is not in your schema. Set the `strictPopulate` option to false to override.
    at getModelsMapForPopulate (C:\Users\AdityaPP\software-testing-edu\server\node_modules\mongoose\lib\helpers\populate\getModelsMapForPopulate.js:50:12)
    at _populatePath (C:\Users\AdityaPP\software-testing-edu\server\node_modules\mongoose\lib\model.js:4312:21)
    at Function.populate (C:\Users\AdityaPP\software-testing-edu\server\node_modules\mongoose\lib\model.js:4280:19)
    at model.Query._find (C:\Users\AdityaPP\software-testing-edu\server\node_modules\mongoose\lib\query.js:2389:20)
    at process.processTicksAndRejections (node:internal/process/task_queues:105:5)
    at async model.Query.exec (C:\Users\AdityaPP\software-testing-edu\server\node_modules\mongoose\lib\query.js:4438:63)
    at async calculateTrendingScore (C:\Users\AdityaPP\software-testing-edu\server\cron\trendingScore.js:6:27)
    at async Task._execution (C:\Users\AdityaPP\software-testing-edu\server\server.js:45:13)
2025-03-06 12:00:00 [[31merror[39m]: StrictPopulateError: Cannot populate path `answers` because it is not in your schema. Set the `strictPopulate` option to false to override.
    at getModelsMapForPopulate (C:\Users\AdityaPP\software-testing-edu\server\node_modules\mongoose\lib\helpers\populate\getModelsMapForPopulate.js:50:12)
    at _populatePath (C:\Users\AdityaPP\software-testing-edu\server\node_modules\mongoose\lib\model.js:4312:21)
    at Function.populate (C:\Users\AdityaPP\software-testing-edu\server\node_modules\mongoose\lib\model.js:4280:19)
    at model.Query._find (C:\Users\AdityaPP\software-testing-edu\server\node_modules\mongoose\lib\query.js:2389:20)
    at process.processTicksAndRejections (node:internal/process/task_queues:105:5)
    at async model.Query.exec (C:\Users\AdityaPP\software-testing-edu\server\node_modules\mongoose\lib\query.js:4438:63)
    at async calculateTrendingScore (C:\Users\AdityaPP\software-testing-edu\server\cron\trendingScore.js:6:27)
    at async Task._execution (C:\Users\AdityaPP\software-testing-edu\server\server.js:45:13)
2025-03-06 13:00:01 [[31merror[39m]: StrictPopulateError: Cannot populate path `answers` because it is not in your schema. Set the `strictPopulate` option to false to override.
    at getModelsMapForPopulate (C:\Users\AdityaPP\software-testing-edu\server\node_modules\mongoose\lib\helpers\populate\getModelsMapForPopulate.js:50:12)
    at _populatePath (C:\Users\AdityaPP\software-testing-edu\server\node_modules\mongoose\lib\model.js:4312:21)
    at Function.populate (C:\Users\AdityaPP\software-testing-edu\server\node_modules\mongoose\lib\model.js:4280:19)
    at model.Query._find (C:\Users\AdityaPP\software-testing-edu\server\node_modules\mongoose\lib\query.js:2389:20)
    at process.processTicksAndRejections (node:internal/process/task_queues:105:5)
    at async model.Query.exec (C:\Users\AdityaPP\software-testing-edu\server\node_modules\mongoose\lib\query.js:4438:63)
    at async calculateTrendingScore (C:\Users\AdityaPP\software-testing-edu\server\cron\trendingScore.js:6:27)
    at async Task._execution (C:\Users\AdityaPP\software-testing-edu\server\server.js:45:13)
2025-03-06 14:00:00 [[31merror[39m]: StrictPopulateError: Cannot populate path `answers` because it is not in your schema. Set the `strictPopulate` option to false to override.
    at getModelsMapForPopulate (C:\Users\AdityaPP\software-testing-edu\server\node_modules\mongoose\lib\helpers\populate\getModelsMapForPopulate.js:50:12)
    at _populatePath (C:\Users\AdityaPP\software-testing-edu\server\node_modules\mongoose\lib\model.js:4312:21)
    at Function.populate (C:\Users\AdityaPP\software-testing-edu\server\node_modules\mongoose\lib\model.js:4280:19)
    at model.Query._find (C:\Users\AdityaPP\software-testing-edu\server\node_modules\mongoose\lib\query.js:2389:20)
    at process.processTicksAndRejections (node:internal/process/task_queues:105:5)
    at async model.Query.exec (C:\Users\AdityaPP\software-testing-edu\server\node_modules\mongoose\lib\query.js:4438:63)
    at async calculateTrendingScore (C:\Users\AdityaPP\software-testing-edu\server\cron\trendingScore.js:6:27)
    at async Task._execution (C:\Users\AdityaPP\software-testing-edu\server\server.js:45:13)
2025-03-06 15:00:00 [[31merror[39m]: StrictPopulateError: Cannot populate path `answers` because it is not in your schema. Set the `strictPopulate` option to false to override.
    at getModelsMapForPopulate (C:\Users\AdityaPP\software-testing-edu\server\node_modules\mongoose\lib\helpers\populate\getModelsMapForPopulate.js:50:12)
    at _populatePath (C:\Users\AdityaPP\software-testing-edu\server\node_modules\mongoose\lib\model.js:4312:21)
    at Function.populate (C:\Users\AdityaPP\software-testing-edu\server\node_modules\mongoose\lib\model.js:4280:19)
    at model.Query._find (C:\Users\AdityaPP\software-testing-edu\server\node_modules\mongoose\lib\query.js:2389:20)
    at process.processTicksAndRejections (node:internal/process/task_queues:105:5)
    at async model.Query.exec (C:\Users\AdityaPP\software-testing-edu\server\node_modules\mongoose\lib\query.js:4438:63)
    at async calculateTrendingScore (C:\Users\AdityaPP\software-testing-edu\server\cron\trendingScore.js:6:27)
    at async Task._execution (C:\Users\AdityaPP\software-testing-edu\server\server.js:45:13)
2025-03-07 11:00:01 [[31merror[39m]: StrictPopulateError: Cannot populate path `answers` because it is not in your schema. Set the `strictPopulate` option to false to override.
    at getModelsMapForPopulate (C:\Users\AdityaPP\software-testing-edu\server\node_modules\mongoose\lib\helpers\populate\getModelsMapForPopulate.js:50:12)
    at _populatePath (C:\Users\AdityaPP\software-testing-edu\server\node_modules\mongoose\lib\model.js:4312:21)
    at Function.populate (C:\Users\AdityaPP\software-testing-edu\server\node_modules\mongoose\lib\model.js:4280:19)
    at model.Query._find (C:\Users\AdityaPP\software-testing-edu\server\node_modules\mongoose\lib\query.js:2389:20)
    at process.processTicksAndRejections (node:internal/process/task_queues:105:5)
    at async model.Query.exec (C:\Users\AdityaPP\software-testing-edu\server\node_modules\mongoose\lib\query.js:4438:63)
    at async calculateTrendingScore (C:\Users\AdityaPP\software-testing-edu\server\cron\trendingScore.js:6:27)
    at async Task._execution (C:\Users\AdityaPP\software-testing-edu\server\server.js:46:13)
2025-03-07 16:00:30 [[31merror[39m]: MongoServerSelectionError: connect ECONNREFUSED 127.0.0.1:27017
    at Topology.selectServer (C:\Users\AdityaPP\software-testing-edu\server\node_modules\mongodb\lib\sdam\topology.js:320:38)
    at async tryOperation (C:\Users\AdityaPP\software-testing-edu\server\node_modules\mongodb\lib\operations\execute_operation.js:143:18)
    at async executeOperation (C:\Users\AdityaPP\software-testing-edu\server\node_modules\mongodb\lib\operations\execute_operation.js:73:16)
    at async FindCursor._initialize (C:\Users\AdityaPP\software-testing-edu\server\node_modules\mongodb\lib\cursor\find_cursor.js:60:26)
    at async FindCursor.cursorInit (C:\Users\AdityaPP\software-testing-edu\server\node_modules\mongodb\lib\cursor\abstract_cursor.js:607:27)
    at async FindCursor.fetchBatch (C:\Users\AdityaPP\software-testing-edu\server\node_modules\mongodb\lib\cursor\abstract_cursor.js:641:13)
    at async FindCursor.next (C:\Users\AdityaPP\software-testing-edu\server\node_modules\mongodb\lib\cursor\abstract_cursor.js:323:17)
    at async [Symbol.asyncIterator] (C:\Users\AdityaPP\software-testing-edu\server\node_modules\mongodb\lib\cursor\abstract_cursor.js:240:34)
    at async FindCursor.toArray (C:\Users\AdityaPP\software-testing-edu\server\node_modules\mongodb\lib\cursor\abstract_cursor.js:400:26)
    at async model.Query._find (C:\Users\AdityaPP\software-testing-edu\server\node_modules\mongoose\lib\query.js:2363:14)
2025-04-07 13:00:30 [[31merror[39m]: MongoServerSelectionError: getaddrinfo ENOTFOUND ac-zxhxg84-shard-00-01.pmcpbkw.mongodb.net
    at Topology.selectServer (C:\Users\AdityaPP\software-testing-edu\server\node_modules\mongodb\lib\sdam\topology.js:320:38)
    at async tryOperation (C:\Users\AdityaPP\software-testing-edu\server\node_modules\mongodb\lib\operations\execute_operation.js:143:18)
    at async executeOperation (C:\Users\AdityaPP\software-testing-edu\server\node_modules\mongodb\lib\operations\execute_operation.js:73:16)
    at async FindCursor._initialize (C:\Users\AdityaPP\software-testing-edu\server\node_modules\mongodb\lib\cursor\find_cursor.js:60:26)
    at async FindCursor.cursorInit (C:\Users\AdityaPP\software-testing-edu\server\node_modules\mongodb\lib\cursor\abstract_cursor.js:607:27)
    at async FindCursor.fetchBatch (C:\Users\AdityaPP\software-testing-edu\server\node_modules\mongodb\lib\cursor\abstract_cursor.js:641:13)
    at async FindCursor.next (C:\Users\AdityaPP\software-testing-edu\server\node_modules\mongodb\lib\cursor\abstract_cursor.js:323:17)
    at async [Symbol.asyncIterator] (C:\Users\AdityaPP\software-testing-edu\server\node_modules\mongodb\lib\cursor\abstract_cursor.js:240:34)
    at async FindCursor.toArray (C:\Users\AdityaPP\software-testing-edu\server\node_modules\mongodb\lib\cursor\abstract_cursor.js:400:26)
    at async model.Query._find (C:\Users\AdityaPP\software-testing-edu\server\node_modules\mongoose\lib\query.js:2363:14)
2025-06-25 15:00:30 [[31merror[39m]: MongoServerSelectionError: connect ECONNREFUSED 127.0.0.1:27017
    at Topology.selectServer (C:\Users\AdityaPP\software-testing-edu\server\node_modules\mongodb\lib\sdam\topology.js:320:38)
    at async tryOperation (C:\Users\AdityaPP\software-testing-edu\server\node_modules\mongodb\lib\operations\execute_operation.js:143:18)
    at async executeOperation (C:\Users\AdityaPP\software-testing-edu\server\node_modules\mongodb\lib\operations\execute_operation.js:73:16)
    at async FindCursor._initialize (C:\Users\AdityaPP\software-testing-edu\server\node_modules\mongodb\lib\cursor\find_cursor.js:60:26)
    at async FindCursor.cursorInit (C:\Users\AdityaPP\software-testing-edu\server\node_modules\mongodb\lib\cursor\abstract_cursor.js:607:27)
    at async FindCursor.fetchBatch (C:\Users\AdityaPP\software-testing-edu\server\node_modules\mongodb\lib\cursor\abstract_cursor.js:641:13)
    at async FindCursor.next (C:\Users\AdityaPP\software-testing-edu\server\node_modules\mongodb\lib\cursor\abstract_cursor.js:323:17)
    at async [Symbol.asyncIterator] (C:\Users\AdityaPP\software-testing-edu\server\node_modules\mongodb\lib\cursor\abstract_cursor.js:240:34)
    at async FindCursor.toArray (C:\Users\AdityaPP\software-testing-edu\server\node_modules\mongodb\lib\cursor\abstract_cursor.js:400:26)
    at async model.Query._find (C:\Users\AdityaPP\software-testing-edu\server\node_modules\mongoose\lib\query.js:2363:14)
2026-03-17 15:00:30 [[31merror[39m]: MongoServerSelectionError: getaddrinfo ENOTFOUND ac-zxhxg84-shard-00-01.pmcpbkw.mongodb.net
    at Topology.selectServer (C:\Users\kumar\software-testing-edu-old\server\node_modules\mongodb\lib\sdam\topology.js:320:38)
    at async tryOperation (C:\Users\kumar\software-testing-edu-old\server\node_modules\mongodb\lib\operations\execute_operation.js:143:18)
    at async executeOperation (C:\Users\kumar\software-testing-edu-old\server\node_modules\mongodb\lib\operations\execute_operation.js:73:16)
    at async FindCursor._initialize (C:\Users\kumar\software-testing-edu-old\server\node_modules\mongodb\lib\cursor\find_cursor.js:60:26)
    at async FindCursor.cursorInit (C:\Users\kumar\software-testing-edu-old\server\node_modules\mongodb\lib\cursor\abstract_cursor.js:607:27)
    at async FindCursor.fetchBatch (C:\Users\kumar\software-testing-edu-old\server\node_modules\mongodb\lib\cursor\abstract_cursor.js:641:13)
    at async FindCursor.next (C:\Users\kumar\software-testing-edu-old\server\node_modules\mongodb\lib\cursor\abstract_cursor.js:323:17)
    at async [Symbol.asyncIterator] (C:\Users\kumar\software-testing-edu-old\server\node_modules\mongodb\lib\cursor\abstract_cursor.js:240:34)
    at async FindCursor.toArray (C:\Users\kumar\software-testing-edu-old\server\node_modules\mongodb\lib\cursor\abstract_cursor.js:400:26)
    at async model.Query._find (C:\Users\kumar\software-testing-edu-old\server\node_modules\mongoose\lib\query.js:2363:14)
2026-03-30 14:00:30 [[31merror[39m]: MongoServerSelectionError: getaddrinfo ENOTFOUND ac-zxhxg84-shard-00-00.pmcpbkw.mongodb.net
    at Topology.selectServer (C:\Users\kumar\software-testing-edu-old\server\node_modules\mongodb\lib\sdam\topology.js:320:38)
    at async tryOperation (C:\Users\kumar\software-testing-edu-old\server\node_modules\mongodb\lib\operations\execute_operation.js:143:18)
    at async executeOperation (C:\Users\kumar\software-testing-edu-old\server\node_modules\mongodb\lib\operations\execute_operation.js:73:16)
    at async FindCursor._initialize (C:\Users\kumar\software-testing-edu-old\server\node_modules\mongodb\lib\cursor\find_cursor.js:60:26)
    at async FindCursor.cursorInit (C:\Users\kumar\software-testing-edu-old\server\node_modules\mongodb\lib\cursor\abstract_cursor.js:607:27)
    at async FindCursor.fetchBatch (C:\Users\kumar\software-testing-edu-old\server\node_modules\mongodb\lib\cursor\abstract_cursor.js:641:13)
    at async FindCursor.next (C:\Users\kumar\software-testing-edu-old\server\node_modules\mongodb\lib\cursor\abstract_cursor.js:323:17)
    at async [Symbol.asyncIterator] (C:\Users\kumar\software-testing-edu-old\server\node_modules\mongodb\lib\cursor\abstract_cursor.js:240:34)
    at async FindCursor.toArray (C:\Users\kumar\software-testing-edu-old\server\node_modules\mongodb\lib\cursor\abstract_cursor.js:400:26)
    at async model.Query._find (C:\Users\kumar\software-testing-edu-old\server\node_modules\mongoose\lib\query.js:2363:14)
