2025-03-07 16:00:30 [[31merror[39m]: Error: write EPIPE
    at afterWriteDispatched (node:internal/stream_base_commons:159:15)
    at writeGeneric (node:internal/stream_base_commons:150:3)
    at Socket._writeGeneric (node:net:964:11)
    at Socket._write (node:net:976:8)
    at writeOrBuffer (node:internal/streams/writable:572:12)
    at _write (node:internal/streams/writable:501:10)
    at Writable.write (node:internal/streams/writable:510:10)
    at Console.log (C:\Users\AdityaPP\software-testing-edu\server\node_modules\winston\lib\winston\transports\console.js:87:23)
    at Console._write (C:\Users\AdityaPP\software-testing-edu\server\node_modules\winston-transport\modern.js:82:19)
    at doWrite (C:\Users\AdityaPP\software-testing-edu\server\node_modules\winston-transport\node_modules\readable-stream\lib\_stream_writable.js:390:139)
2025-03-20 11:52:15 [[31merror[39m]: ReferenceError: Cannot access 'io' before initialization
    at Object.<anonymous> (C:\Users\AdityaPP\software-testing-edu\server\server.js:31:13)
    at Module._compile (node:internal/modules/cjs/loader:1565:14)
    at Object..js (node:internal/modules/cjs/loader:1708:10)
    at Module.load (node:internal/modules/cjs/loader:1318:32)
    at Function._load (node:internal/modules/cjs/loader:1128:12)
    at TracingChannel.traceSync (node:diagnostics_channel:322:14)
    at wrapModuleLoad (node:internal/modules/cjs/loader:219:24)
    at Function.executeUserEntryPoint [as runMain] (node:internal/modules/run_main:170:5)
    at node:internal/main/run_main_module:36:49
2025-03-20 11:54:07 [[31merror[39m]: ReferenceError: Cannot access 'io' before initialization
    at Object.<anonymous> (C:\Users\AdityaPP\software-testing-edu\server\server.js:31:13)
    at Module._compile (node:internal/modules/cjs/loader:1565:14)
    at Object..js (node:internal/modules/cjs/loader:1708:10)
    at Module.load (node:internal/modules/cjs/loader:1318:32)
    at Function._load (node:internal/modules/cjs/loader:1128:12)
    at TracingChannel.traceSync (node:diagnostics_channel:322:14)
    at wrapModuleLoad (node:internal/modules/cjs/loader:219:24)
    at Function.executeUserEntryPoint [as runMain] (node:internal/modules/run_main:170:5)
    at node:internal/main/run_main_module:36:49
2025-03-20 13:18:28 [[31merror[39m]: Error: listen EADDRINUSE: address already in use 0.0.0.0:5000
    at Server.setupListenHandle [as _listen2] (node:net:1912:16)
    at listenInCluster (node:net:1969:12)
    at node:net:2178:7
    at process.processTicksAndRejections (node:internal/process/task_queues:90:21)
2026-06-11 16:14:03 [[31merror[39m]: Error: Route.delete() requires a callback function but got a [object Undefined]
    at Route.<computed> [as delete] (C:\Users\kumar\software-testing-edu-old\server\node_modules\express\lib\router\route.js:216:15)
    at proto.<computed> [as delete] (C:\Users\kumar\software-testing-edu-old\server\node_modules\express\lib\router\index.js:521:19)
    at Object.<anonymous> (C:\Users\kumar\software-testing-edu-old\server\routes\messageRoutes.js:12:14)
    at Module._compile (node:internal/modules/cjs/loader:1761:14)
    at Object..js (node:internal/modules/cjs/loader:1893:10)
    at Module.load (node:internal/modules/cjs/loader:1481:32)
    at Module._load (node:internal/modules/cjs/loader:1300:12)
    at TracingChannel.traceSync (node:diagnostics_channel:328:14)
    at wrapModuleLoad (node:internal/modules/cjs/loader:245:24)
    at Module.require (node:internal/modules/cjs/loader:1504:12)
2026-06-11 16:14:42 [[31merror[39m]: Error: Route.delete() requires a callback function but got a [object Undefined]
    at Route.<computed> [as delete] (C:\Users\kumar\software-testing-edu-old\server\node_modules\express\lib\router\route.js:216:15)
    at proto.<computed> [as delete] (C:\Users\kumar\software-testing-edu-old\server\node_modules\express\lib\router\index.js:521:19)
    at Object.<anonymous> (C:\Users\kumar\software-testing-edu-old\server\routes\messageRoutes.js:12:14)
    at Module._compile (node:internal/modules/cjs/loader:1761:14)
    at Object..js (node:internal/modules/cjs/loader:1893:10)
    at Module.load (node:internal/modules/cjs/loader:1481:32)
    at Module._load (node:internal/modules/cjs/loader:1300:12)
    at TracingChannel.traceSync (node:diagnostics_channel:328:14)
    at wrapModuleLoad (node:internal/modules/cjs/loader:245:24)
    at Module.require (node:internal/modules/cjs/loader:1504:12)
2026-06-11 16:23:48 [[31merror[39m]: Error: Route.delete() requires a callback function but got a [object Undefined]
    at Route.<computed> [as delete] (C:\Users\kumar\software-testing-edu-old\server\node_modules\express\lib\router\route.js:216:15)
    at proto.<computed> [as delete] (C:\Users\kumar\software-testing-edu-old\server\node_modules\express\lib\router\index.js:521:19)
    at Object.<anonymous> (C:\Users\kumar\software-testing-edu-old\server\routes\messageRoutes.js:12:14)
    at Module._compile (node:internal/modules/cjs/loader:1761:14)
    at Object..js (node:internal/modules/cjs/loader:1893:10)
    at Module.load (node:internal/modules/cjs/loader:1481:32)
    at Module._load (node:internal/modules/cjs/loader:1300:12)
    at TracingChannel.traceSync (node:diagnostics_channel:328:14)
    at wrapModuleLoad (node:internal/modules/cjs/loader:245:24)
    at Module.require (node:internal/modules/cjs/loader:1504:12)
2026-06-11 16:34:16 [[31merror[39m]: Error: Route.delete() requires a callback function but got a [object Undefined]
    at Route.<computed> [as delete] (C:\Users\kumar\software-testing-edu-old\server\node_modules\express\lib\router\route.js:216:15)
    at proto.<computed> [as delete] (C:\Users\kumar\software-testing-edu-old\server\node_modules\express\lib\router\index.js:521:19)
    at Object.<anonymous> (C:\Users\kumar\software-testing-edu-old\server\routes\messageRoutes.js:12:14)
    at Module._compile (node:internal/modules/cjs/loader:1761:14)
    at Object..js (node:internal/modules/cjs/loader:1893:10)
    at Module.load (node:internal/modules/cjs/loader:1481:32)
    at Module._load (node:internal/modules/cjs/loader:1300:12)
    at TracingChannel.traceSync (node:diagnostics_channel:328:14)
    at wrapModuleLoad (node:internal/modules/cjs/loader:245:24)
    at Module.require (node:internal/modules/cjs/loader:1504:12)
2026-06-12 15:34:20 [[31merror[39m]: Error: Route.delete() requires a callback function but got a [object Undefined]
    at Route.<computed> [as delete] (C:\Users\kumar\software-testing-edu-old\server\node_modules\express\lib\router\route.js:216:15)
    at proto.<computed> [as delete] (C:\Users\kumar\software-testing-edu-old\server\node_modules\express\lib\router\index.js:521:19)
    at Object.<anonymous> (C:\Users\kumar\software-testing-edu-old\server\routes\messageRoutes.js:12:14)
    at Module._compile (node:internal/modules/cjs/loader:1761:14)
    at Object..js (node:internal/modules/cjs/loader:1893:10)
    at Module.load (node:internal/modules/cjs/loader:1481:32)
    at Module._load (node:internal/modules/cjs/loader:1300:12)
    at TracingChannel.traceSync (node:diagnostics_channel:328:14)
    at wrapModuleLoad (node:internal/modules/cjs/loader:245:24)
    at Module.require (node:internal/modules/cjs/loader:1504:12)
